// Jest Snapshot v1, https://goo.gl/fbAQLP

exports[`matches snapshot 1`] = `
<DocumentFragment>
  <div
    class="sc-gSAPjG GrqFE"
    id="ratings-reviews"
  >
    <div
      class="sc-iNWwEs hLYxht"
      id="inner-title"
    >
      <div>
        RATINGS & REVIEWS
      </div>
    </div>
    <div
      class="sc-lbxAil gylGro"
      id="inner-main"
    >
      <div
        class="sc-ksZaOG ewMooE"
        id="ratings-main"
      >
        <div>
          <div>
            <div
              class="sc-breuTD kCSoaS"
            >
              <div
                class="sc-evZas gwvPXL"
                data-testid="averagerating"
              >
                3.6
              </div>
              <div
                class="sc-kDDrLX irdQeg"
              >
                <div
                  class="sc-iqcoie jealnG"
                >
                  <div
                    class="sc-crXcEl bftmyc"
                    width="70%"
                  />
                </div>
              </div>
            </div>
            <div>
              <em>
                out of 144 reviews
              </em>
            </div>
          </div>
        </div>
        <div>
          <div
            class="sc-eCYdqJ jCNtKz"
          >
            <div>
              65% of reviewers recommend this item.
            </div>
            <div>
              <div
                class="sc-gsnTZi hfSvTy"
              >
                <div
                  class="sc-bczRLJ hfdcTo"
                >
                  5
                </div>
                <div
                  class="sc-dkzDqf kfoeuR"
                  id="bar-5"
                >
                  <div
                    class="sc-hKMtZM loSaXE"
                    width="34.02777777777778"
                  />
                </div>
              </div>
              <div
                class="sc-gsnTZi hfSvTy"
              >
                <div
                  class="sc-bczRLJ hfdcTo"
                >
                  4
                </div>
                <div
                  class="sc-dkzDqf kfoeuR"
                  id="bar-4"
                >
                  <div
                    class="sc-hKMtZM hKGPNK"
                    width="15.277777777777779"
                  />
                </div>
              </div>
              <div
                class="sc-gsnTZi hfSvTy"
              >
                <div
                  class="sc-bczRLJ hfdcTo"
                >
                  3
                </div>
                <div
                  class="sc-dkzDqf kfoeuR"
                  id="bar-3"
                >
                  <div
                    class="sc-hKMtZM hgUnSy"
                    width="33.33333333333333"
                  />
                </div>
              </div>
              <div
                class="sc-gsnTZi hfSvTy"
              >
                <div
                  class="sc-bczRLJ hfdcTo"
                >
                  2
                </div>
                <div
                  class="sc-dkzDqf kfoeuR"
                  id="bar-2"
                >
                  <div
                    class="sc-hKMtZM hMfuXF"
                    width="7.638888888888889"
                  />
                </div>
              </div>
              <div
                class="sc-gsnTZi hfSvTy"
              >
                <div
                  class="sc-bczRLJ hfdcTo"
                >
                  1
                </div>
                <div
                  class="sc-dkzDqf kfoeuR"
                  id="bar-1"
                >
                  <div
                    class="sc-hKMtZM hTGXkF"
                    width="9.722222222222223"
                  />
                </div>
              </div>
            </div>
          </div>
        </div>
        <div
          class="sc-jqUVSM ecRvcZ"
        >
          <div>
            <div
              class="sc-jSMfEi jXewUD"
            >
              <div
                class="sc-papXJ kmRgne"
              >
                Fit: 
              </div>
              <div
                class="sc-gKXOVf XPVAb"
              >
                <div
                  class="sc-iBkjds bUPpBi"
                  width="60%"
                />
              </div>
              <div
                class="sc-ftvSup fNURyZ"
              >
                <div>
                  small
                </div>
                <div>
                  perfect
                </div>
                <div>
                  large
                </div>
              </div>
            </div>
            <div
              class="sc-jSMfEi jXewUD"
            >
              <div
                class="sc-papXJ kmRgne"
              >
                Length: 
              </div>
              <div
                class="sc-gKXOVf XPVAb"
              >
                <div
                  class="sc-iBkjds frdGgF"
                  width="50%"
                />
              </div>
              <div
                class="sc-ftvSup fNURyZ"
              >
                <div>
                  short
                </div>
                <div>
                  perfect
                </div>
                <div>
                  long
                </div>
              </div>
            </div>
            <div
              class="sc-jSMfEi jXewUD"
            >
              <div
                class="sc-papXJ kmRgne"
              >
                Comfort: 
              </div>
              <div
                class="sc-gKXOVf XPVAb"
              >
                <div
                  class="sc-iBkjds frdGgF"
                  width="50%"
                />
              </div>
              <div
                class="sc-ftvSup fNURyZ"
              >
                <div>
                  poor
                </div>
                <div>
                  ok
                </div>
                <div>
                  perfect
                </div>
              </div>
            </div>
            <div
              class="sc-jSMfEi jXewUD"
            >
              <div
                class="sc-papXJ kmRgne"
              >
                Quality: 
              </div>
              <div
                class="sc-gKXOVf XPVAb"
              >
                <div
                  class="sc-iBkjds bUPpBi"
                  width="60%"
                />
              </div>
              <div
                class="sc-ftvSup fNURyZ"
              >
                <div>
                  poor
                </div>
                <div>
                  expected
                </div>
                <div>
                  perfect
                </div>
              </div>
            </div>
          </div>
        </div>
      </div>
      <div
        class="sc-jgbSNz bKYjiX"
        data-testid="reviews-1"
      >
        <div
          class="sc-kgUAyh iYsSbV"
          data-testid="sortbar-1"
        >
          5 of 144 reviews, sorted by
          <select
            class="sc-hTtwUo jMRut"
            data-testid="sortoptions"
            id="sort"
          >
            <option
              data-testid="relevance"
              value="relevance"
            >
              Relevance
            </option>
            <option
              data-testid="newest-option"
              value="newest"
            >
              Newest
            </option>
            <option
              value="helpful"
            >
              Helpfulness
            </option>
          </select>
        </div>
        <div
          class="sc-iIPllB fa-dgUB"
          data-testid="reviewlist"
        >
          <div
            data-testid="reviewtiles"
          >
            <div
              class="sc-kgflAQ gGRQQJ"
            >
              <div
                class="sc-fLlhyt etOmUv"
              >
                <div>
                  <div
                    class="sc-kDDrLX irdQeg"
                  >
                    <div
                      class="sc-iqcoie jealnG"
                    >
                      <div
                        class="sc-crXcEl loGwoC"
                        width="100%"
                      />
                    </div>
                  </div>
                </div>
                <div>
                  hello, July 18, 2022 
                </div>
              </div>
              <div
                class="sc-ivTmOn jrpZrq"
              >
                <div
                  class="sc-idiyUo eWPMfl"
                >
                  <h5>
                    best purchase ever
                  </h5>
                </div>
                <div
                  class="sc-idiyUo eWPMfl"
                >
                  <small>
                    don't report this one pleaseaaaa
                  </small>
                </div>
                <div
                  class="sc-idiyUo eWPMfl"
                >
                  <h5>
                    I recommend this product ✓
                  </h5>
                  <div
                    class="sc-dmRaPn lbvtwA"
                  >
                    <img
                      class="sc-llJcti cmdRRN"
                      data-testid="photo-0-0"
                      src="http://res.cloudinary.com/joehan/image/upload/v1658260875/b7xg9m7xthi6uzftq5me.jpg"
                    />
                    <img
                      class="sc-llJcti cmdRRN"
                      data-testid="photo-1-0"
                      src="http://res.cloudinary.com/joehan/image/upload/v1658260868/gcpjlscfmmcegdl8tdef.jpg"
                    />
                    <img
                      class="sc-llJcti cmdRRN"
                      data-testid="photo-2-0"
                      src="http://res.cloudinary.com/joehan/image/upload/v1658260853/svp4gsyb6pmu3qqhwgk0.jpg"
                    />
                    <img
                      class="sc-llJcti cmdRRN"
                      data-testid="photo-3-0"
                      src="http://res.cloudinary.com/joehan/image/upload/v1658260861/i1hfqtvyr0hkda2yq4vb.jpg"
                    />
                  </div>
                </div>
                <div
                  class="sc-bBrHrO gkbOEv"
                >
                  <span
                    data-testid="review-helpful"
                  >
                    Helpful?
                  </span>
                  <span
                    class="sc-dIouRR jMDPQB"
                    data-testid="helpful-button-0"
                  >
                    <u>
                      Yes
                    </u>
                  </span>
                  <span
                    data-testid="helpful-count-0"
                  >
                    (76)    |  
                  </span>
                  <span
                    class="sc-dIouRR jMDPQB"
                  >
                    <u>
                      Report
                    </u>
                  </span>
                </div>
              </div>
            </div>
            <div
              class="sc-kgflAQ gGRQQJ"
            >
              <div
                class="sc-fLlhyt etOmUv"
              >
                <div>
                  <div
                    class="sc-kDDrLX irdQeg"
                  >
                    <div
                      class="sc-iqcoie jealnG"
                    >
                      <div
                        class="sc-crXcEl dbrdsl"
                        width="60%"
                      />
                    </div>
                  </div>
                </div>
                <div>
                  ReviewTileMan, July 16, 2022 
                </div>
              </div>
              <div
                class="sc-ivTmOn jrpZrq"
              >
                <div
                  class="sc-idiyUo eWPMfl"
                >
                  <h5>
                    New Review...I want to see this in my review tiles.
                  </h5>
                </div>
                <div
                  class="sc-idiyUo eWPMfl"
                >
                  <small>
                    Please work. Please populate in my review tiles. That would be nice pelase and thank you!
                  </small>
                </div>
                <div
                  class="sc-idiyUo eWPMfl"
                >
                  <h5>
                    I recommend this product ✓
                  </h5>
                </div>
                <div
                  class="sc-bBrHrO gkbOEv"
                >
                  <span
                    data-testid="review-helpful"
                  >
                    Helpful?
                  </span>
                  <span
                    class="sc-dIouRR jMDPQB"
                    data-testid="helpful-button-1"
                  >
                    <u>
                      Yes
                    </u>
                  </span>
                  <span
                    data-testid="helpful-count-1"
                  >
                    (11)    |  
                  </span>
                  <span
                    class="sc-dIouRR jMDPQB"
                  >
                    <u>
                      Report
                    </u>
                  </span>
                </div>
              </div>
            </div>
            <div
              class="sc-kgflAQ gGRQQJ"
            >
              <div
                class="sc-fLlhyt etOmUv"
              >
                <div>
                  <div
                    class="sc-kDDrLX irdQeg"
                  >
                    <div
                      class="sc-iqcoie jealnG"
                    >
                      <div
                        class="sc-crXcEl eqLREF"
                        width="20%"
                      />
                    </div>
                  </div>
                </div>
                <div>
                  nopantsman, January 04, 2022 
                </div>
              </div>
              <div
                class="sc-ivTmOn jrpZrq"
              >
                <div
                  class="sc-idiyUo eWPMfl"
                >
                  <h5>
                    I HATE pants
                  </h5>
                </div>
                <div
                  class="sc-idiyUo eWPMfl"
                >
                  <small>
                    pants are the worst never ever get pants pants are bad wear shorts
                  </small>
                </div>
                <div
                  class="sc-idiyUo eWPMfl"
                />
                <div
                  class="sc-bBrHrO gkbOEv"
                >
                  <span
                    data-testid="review-helpful"
                  >
                    Helpful?
                  </span>
                  <span
                    class="sc-dIouRR jMDPQB"
                    data-testid="helpful-button-2"
                  >
                    <u>
                      Yes
                    </u>
                  </span>
                  <span
                    data-testid="helpful-count-2"
                  >
                    (8)    |  
                  </span>
                  <span
                    class="sc-dIouRR jMDPQB"
                  >
                    <u>
                      Report
                    </u>
                  </span>
                </div>
              </div>
            </div>
            <div
              class="sc-kgflAQ gGRQQJ"
            >
              <div
                class="sc-fLlhyt etOmUv"
              >
                <div>
                  <div
                    class="sc-kDDrLX irdQeg"
                  >
                    <div
                      class="sc-iqcoie jealnG"
                    >
                      <div
                        class="sc-crXcEl loGwoC"
                        width="100%"
                      />
                    </div>
                  </div>
                </div>
                <div>
                  nicole, September 15, 2021 
                </div>
              </div>
              <div
                class="sc-ivTmOn jrpZrq"
              >
                <div
                  class="sc-idiyUo eWPMfl"
                >
                  <h5>
                    These jeans are true to size!!!!
                  </h5>
                </div>
                <div
                  class="sc-idiyUo eWPMfl"
                >
                  <small>
                    Right now I have a lot of baby weight to lose, and I’m sitting at a size 14 jeans. Lately I’ve been wearing sweatpants every day because my 14 jeans feel slightly tight and i’ve been addicted to an elastic waistband for the last year. When ordering these jeans, I read the reviews, looked at the size chart, and decided I’d probably need a 16. I don’t like my skinny jeans to be a second skin. I like them tight, but not where you have to do magic tricks to get in them. I was discouraged, thinking I had gone up a size, but I ordered both the 14 and 16 with the intent to return whichever one didn’t work. When they came, I hopefully tried on the 14 first and THEY FIT 🎉🌟😃! In fact, they look a little saggy. So I’d totally recommend ordering your normal size- they have a lot of stretch to them. And if you’re feeling brave, maybe even try the next size down 🤷🏻‍♀️
                  </small>
                </div>
                <div
                  class="sc-idiyUo eWPMfl"
                >
                  <h5>
                    I recommend this product ✓
                  </h5>
                </div>
                <div
                  class="sc-bBrHrO gkbOEv"
                >
                  <span
                    data-testid="review-helpful"
                  >
                    Helpful?
                  </span>
                  <span
                    class="sc-dIouRR jMDPQB"
                    data-testid="helpful-button-3"
                  >
                    <u>
                      Yes
                    </u>
                  </span>
                  <span
                    data-testid="helpful-count-3"
                  >
                    (4)    |  
                  </span>
                  <span
                    class="sc-dIouRR jMDPQB"
                  >
                    <u>
                      Report
                    </u>
                  </span>
                </div>
              </div>
            </div>
            <div
              class="sc-kgflAQ gGRQQJ"
            >
              <div
                class="sc-fLlhyt etOmUv"
              >
                <div>
                  <div
                    class="sc-kDDrLX irdQeg"
                  >
                    <div
                      class="sc-iqcoie jealnG"
                    >
                      <div
                        class="sc-crXcEl loGwoC"
                        width="100%"
                      />
                    </div>
                  </div>
                </div>
                <div>
                  jose, September 15, 2021 
                </div>
              </div>
              <div
                class="sc-ivTmOn jrpZrq"
              >
                <div
                  class="sc-idiyUo eWPMfl"
                >
                  <h5>
                    Excellent pants
                  </h5>
                </div>
                <div
                  class="sc-idiyUo eWPMfl"
                >
                  <small>
                    me gusta estos pantelones mucho
                  </small>
                </div>
                <div
                  class="sc-idiyUo eWPMfl"
                >
                  <h5>
                    I recommend this product ✓
                  </h5>
                </div>
                <div
                  class="sc-bBrHrO gkbOEv"
                >
                  <span
                    data-testid="review-helpful"
                  >
                    Helpful?
                  </span>
                  <span
                    class="sc-dIouRR jMDPQB"
                    data-testid="helpful-button-4"
                  >
                    <u>
                      Yes
                    </u>
                  </span>
                  <span
                    data-testid="helpful-count-4"
                  >
                    (4)    |  
                  </span>
                  <span
                    class="sc-dIouRR jMDPQB"
                  >
                    <u>
                      Report
                    </u>
                  </span>
                </div>
              </div>
            </div>
          </div>
        </div>
        <div
          class="sc-cOFTSb dsxEYY"
          data-testid="addbar-1"
        >
          <button
            class="sc-BeQoi dtjXfM"
            data-testid="morebutton"
          >
            MORE REVIEWS
          </button>
          <button
            class="sc-BeQoi dtjXfM"
            data-testid="addbutton"
          >
            ADD A REVIEW +
          </button>
        </div>
      </div>
    </div>
  </div>
</DocumentFragment>
`;
