// Jest Snapshot v1, https://goo.gl/fbAQLP

exports[`should match snapshot 1`] = `
<div
  className="sc-jqUVSM kYeeqJ"
>
  <div
    className="sc-crXcEl ikVVYA"
  >
    A:
  </div>
  <div
    className="sc-iqcoie lbKltb"
  >
    <div
      className="sc-kDDrLX jXQQSG"
      id="scrollableDiv"
    >
      <div
        className="sc-iBkjds cdgNPz answer"
      >
        <div
          className="answer-text"
        >
          new answer
        </div>
        <div
          className="css-1iivxpu-MuiStack-root"
        >
          <span>
            <span>
              by 
              test
               
            </span>
            , 
            December 17, 1995
          </span>
          <hr
            className="MuiDivider-root MuiDivider-fullWidth MuiDivider-vertical MuiDivider-flexItem css-18i4s2i-MuiDivider-root"
          />
          <div
            className="sc-dkzDqf hoZXih helpful"
          >
            <span
              className="sc-bczRLJ grWmXc"
            >
              Helpful?
            </span>
            <u
              className="sc-gsnTZi hBfuwO"
              onClick={[Function]}
              onKeyDown={[Function]}
              role="button"
              tabIndex="-1"
            >
              Yes
            </u>
            <span>
              (undefined)
            </span>
          </div>
          <hr
            className="MuiDivider-root MuiDivider-fullWidth MuiDivider-vertical MuiDivider-flexItem css-18i4s2i-MuiDivider-root"
          />
          <span>
            <u
              onClick={[Function]}
              onKeyDown={[Function]}
              role="button"
              tabIndex="-1"
            >
              Report
            </u>
          </span>
        </div>
      </div>
      <div
        className="sc-iBkjds cdgNPz answer"
      >
        <div
          className="answer-text"
        >
          new answer
        </div>
        <div
          className="css-1iivxpu-MuiStack-root"
        >
          <span>
            <span>
              by 
              test
               
            </span>
            , 
            December 17, 1995
          </span>
          <hr
            className="MuiDivider-root MuiDivider-fullWidth MuiDivider-vertical MuiDivider-flexItem css-18i4s2i-MuiDivider-root"
          />
          <div
            className="sc-dkzDqf hoZXih helpful"
          >
            <span
              className="sc-bczRLJ grWmXc"
            >
              Helpful?
            </span>
            <u
              className="sc-gsnTZi hBfuwO"
              onClick={[Function]}
              onKeyDown={[Function]}
              role="button"
              tabIndex="-1"
            >
              Yes
            </u>
            <span>
              (undefined)
            </span>
          </div>
          <hr
            className="MuiDivider-root MuiDivider-fullWidth MuiDivider-vertical MuiDivider-flexItem css-18i4s2i-MuiDivider-root"
          />
          <span>
            <u
              onClick={[Function]}
              onKeyDown={[Function]}
              role="button"
              tabIndex="-1"
            >
              Report
            </u>
          </span>
        </div>
      </div>
    </div>
    <span
      className="sc-papXJ ceIjkY"
      onClick={[Function]}
    >
      LOAD MORE ANSWERS
    </span>
  </div>
</div>
`;
