// Jest Snapshot v1, https://goo.gl/fbAQLP

exports[`renders correctly 1`] = `
<div
  data-testid="reviews-1"
>
  <h5>
    R E V I E W S .
  </h5>
  <div>
    0
     reviews, sorted by
    <select
      id="sort"
      onChange={[Function]}
    >
      <option
        value="relevance"
      >
        Relevance
      </option>
      <option
        value="newest"
      >
        Newest
      </option>
      <option
        value="helpful"
      >
        Helpful
      </option>
    </select>
  </div>
  <div
    className="sc-dkzDqf dMbqVG"
  >
    <h2>
      There are no reviews currently
    </h2>
  </div>
  <div>
    ____________________________
    <br />
    <button
      onClick={[Function]}
    >
      MORE
    </button>
    <button
      onClick={[Function]}
    >
      ADD REVIEW
    </button>
  </div>
</div>
`;
