// Jest Snapshot v1, https://goo.gl/fbAQLP

exports[`matches snapshot 1`] = `
<DocumentFragment>
  <div
    class="sc-efBctP knyPhM"
    id="question-and-answers"
  >
    <div
      class="sc-dPyBCJ dxRBDO"
    >
      QUESTIONS & ANSWERS
    </div>
    <form
      class="sc-bczRLJ brtfGI"
    >
      <div
        class="sc-hKMtZM giyKxL"
      >
        <input
          class="sc-gsnTZi bvoSbL"
          placeholder="HAVE A QUESTION? SEARCH FOR ANSWERS..."
          type="text"
          value=""
        />
        <svg
          aria-hidden="true"
          class="svg-inline--fa fa-magnifying-glass sc-dkzDqf deXTCe"
          data-icon="magnifying-glass"
          data-prefix="fas"
          focusable="false"
          role="img"
          viewBox="0 0 512 512"
          xmlns="http://www.w3.org/2000/svg"
        >
          <path
            d="M500.3 443.7l-119.7-119.7c27.22-40.41 40.65-90.9 33.46-144.7C401.8 87.79 326.8 13.32 235.2 1.723C99.01-15.51-15.51 99.01 1.724 235.2c11.6 91.64 86.08 166.7 177.6 178.9c53.8 7.189 104.3-6.236 144.7-33.46l119.7 119.7c15.62 15.62 40.95 15.62 56.57 0C515.9 484.7 515.9 459.3 500.3 443.7zM79.1 208c0-70.58 57.42-128 128-128s128 57.42 128 128c0 70.58-57.42 128-128 128S79.1 278.6 79.1 208z"
            fill="currentColor"
          />
        </svg>
      </div>
    </form>
    <div
      id="question-list"
    >
      <div
        class="sc-himrzO kJLYaB"
      >
        <div
          class="individual-question"
        >
          <div
            class="sc-bZkfAO juhrtI"
          >
            <div
              class="sc-ikZpkk jCYdMS"
            >
              <span
                class="sc-kLLXSd cpAjvV"
              >
                Q:
              </span>
              <b
                class="sc-jIZahH hnxZwi"
              >
                what is MY QUESTION?
              </b>
            </div>
            <div
              class="css-1iivxpu-MuiStack-root"
            >
              <div
                class="sc-gKXOVf ggfvoY helpful"
              >
                <span
                  class="sc-eCYdqJ edpWWz"
                >
                  Helpful?
                </span>
                <u
                  class="sc-jSMfEi jlKawR"
                  role="button"
                  tabindex="-1"
                >
                  Yes
                </u>
                <span>
                  (1)
                </span>
              </div>
              <hr
                class="MuiDivider-root MuiDivider-fullWidth MuiDivider-vertical MuiDivider-flexItem css-18i4s2i-MuiDivider-root"
              />
              <u
                role="button"
                tabindex="-1"
              >
                Add Answer
              </u>
            </div>
          </div>
          <div
            class="sc-iIPllB eZDcGx"
          >
            <span
              class="sc-kLLXSd cpAjvV"
            >
              A:
            </span>
            <div
              class="sc-ezWOiH gvvbdh"
            >
              <div
                class="sc-gicCDI pqQNY"
                id="scrollableDiv"
              >
                <div
                  class="sc-ivTmOn cRtkON answer"
                >
                  <div
                    class="answer-text"
                  >
                    testing images
                  </div>
                  <div
                    class="sc-cxabCf jGAeqJ"
                  >
                    <img
                      class="sc-dmRaPn gTeHXh"
                      src="http://res.cloudinary.com/dl9zxpaoq/image/upload/v1658255367/cv9ghenayxntg97bh4cp.jpg"
                    />
                    <img
                      class="sc-dmRaPn gTeHXh"
                      src="http://res.cloudinary.com/dl9zxpaoq/image/upload/v1658255371/b1vqersvcoabfd6zbvzd.png"
                    />
                  </div>
                  <div
                    class="css-1iivxpu-MuiStack-root"
                  >
                    <span>
                      <span>
                        by 
                        <b>
                          Seller
                        </b>
                      </span>
                      , July 18, 2022
                    </span>
                    <hr
                      class="MuiDivider-root MuiDivider-fullWidth MuiDivider-vertical MuiDivider-flexItem css-18i4s2i-MuiDivider-root"
                    />
                    <div
                      class="sc-gKXOVf ggfvoY helpful"
                    >
                      <span
                        class="sc-eCYdqJ edpWWz"
                      >
                        Helpful?
                      </span>
                      <u
                        class="sc-jSMfEi jlKawR"
                        role="button"
                        tabindex="-1"
                      >
                        Yes
                      </u>
                      <span>
                        (0)
                      </span>
                    </div>
                    <hr
                      class="MuiDivider-root MuiDivider-fullWidth MuiDivider-vertical MuiDivider-flexItem css-18i4s2i-MuiDivider-root"
                    />
                    <span>
                      <u
                        role="button"
                        tabindex="-1"
                      >
                        Report
                      </u>
                    </span>
                  </div>
                </div>
              </div>
            </div>
          </div>
        </div>
        <div
          class="individual-question"
        >
          <div
            class="sc-bZkfAO juhrtI"
          >
            <div
              class="sc-ikZpkk jCYdMS"
            >
              <span
                class="sc-kLLXSd cpAjvV"
              >
                Q:
              </span>
              <b
                class="sc-jIZahH hnxZwi"
              >
                Test question
              </b>
            </div>
            <div
              class="css-1iivxpu-MuiStack-root"
            >
              <div
                class="sc-gKXOVf ggfvoY helpful"
              >
                <span
                  class="sc-eCYdqJ edpWWz"
                >
                  Helpful?
                </span>
                <u
                  class="sc-jSMfEi jlKawR"
                  role="button"
                  tabindex="-1"
                >
                  Yes
                </u>
                <span>
                  (0)
                </span>
              </div>
              <hr
                class="MuiDivider-root MuiDivider-fullWidth MuiDivider-vertical MuiDivider-flexItem css-18i4s2i-MuiDivider-root"
              />
              <u
                role="button"
                tabindex="-1"
              >
                Add Answer
              </u>
            </div>
          </div>
          <div
            class="sc-iIPllB eZDcGx"
          >
            <span
              class="sc-kLLXSd cpAjvV"
            />
            <div>
              No answers.
            </div>
          </div>
        </div>
      </div>
    </div>
    <div
      class="sc-jOrMOR ibBxDu"
    >
      <div>
        <button
          class="sc-cTQhss iUUzGc"
          data-testid="more-question-btn"
          type="submit"
        >
          MORE ANSWERED QUESTIONS
        </button>
      </div>
      <div
        id="add-question-btn"
      >
        <button
          class="sc-cTQhss iUUzGc"
          data-testid="add-question-btn"
          type="submit"
        >
          ADD A QUESTION +
        </button>
      </div>
    </div>
  </div>
</DocumentFragment>
`;
