// Jest Snapshot v1, https://goo.gl/fbAQLP

exports[`should match snapshot 1`] = `
<div
  className="individual-question"
>
  <div
    className="sc-llJcti fiutnT"
  >
    <div
      className="sc-gicCDI fdbmIx"
    >
      <span
        className="sc-iIPllB fXNfNz"
      >
        Q:
      </span>
      <b
        className="sc-ezWOiH esfWkg"
      >
        new answer
      </b>
    </div>
    <div
      className="css-1iivxpu-MuiStack-root"
    >
      <div
        className="sc-dkzDqf hoZXih helpful"
      >
        <span
          className="sc-bczRLJ grWmXc"
        >
          Helpful?
        </span>
        <u
          className="sc-gsnTZi hBfuwO"
          onClick={[Function]}
          onKeyDown={[Function]}
          role="button"
          tabIndex="-1"
        >
          Yes
        </u>
        <span>
          (3)
        </span>
      </div>
      <hr
        className="MuiDivider-root MuiDivider-fullWidth MuiDivider-vertical MuiDivider-flexItem css-18i4s2i-MuiDivider-root"
      />
      <u
        onClick={[Function]}
        onKeyDown={[Function]}
        role="button"
        tabIndex="-1"
      >
        Add Answer
      </u>
    </div>
  </div>
  <div
    className="sc-bBrHrO ibWLUA"
  >
    <span
      className="sc-iIPllB fXNfNz"
    />
    <div>
      No answers.
    </div>
  </div>
</div>
`;
